{"timing": "graph", "serving_change": false}
[W905 23:42:12.941066659 Context.cpp:597] Warning: torch.backends.cuda.preferred_blas_library is an experimental feature. If you see any error or unexpected behavior when this flag is set please file an issue on GitHub. (function operator())
{"n": 6416, "k": 4096, "variant": "cublaslt", "torch_ms": 0.2348429937923656, "trial_ms": 0.2338648089240579, "speedup": 1.0041826937229592, "relative_l2": 0.0}
{"n": 6416, "k": 4096, "variant": "padded_N", "padded_n": 6464, "torch_ms": 0.2348429937923656, "trial_ms": 0.23935918917601134, "speedup": 0.9811321412008761, "relative_l2": 0.0}
{"n": 6416, "k": 4096, "variant": "padded_N", "padded_n": 6528, "torch_ms": 0.2348429937923656, "trial_ms": 0.23811478233337402, "speedup": 0.9862596160181784, "relative_l2": 0.0}
{"n": 6416, "k": 4096, "variant": "padded_N", "padded_n": 6656, "torch_ms": 0.2348429937923656, "trial_ms": 0.25634166797002156, "speedup": 0.9161327366404974, "relative_l2": 0.0}
{"n": 6416, "k": 4096, "variant": "contiguous_B", "torch_ms": 0.2348429937923656, "trial_ms": 0.36737076152454723, "speedup": 0.6392533603321986, "reference_error": 0.001675330218859017, "layout_error": 0.002372455783188343, "numerically_qualified": false}
{"n": 6416, "k": 4096, "splits": 1, "bn": 64, "torch_ms": 0.2348429937923656, "trial_ms": 0.3042300451369513, "speedup": 0.7719257106465253, "relative_l2": 0.0}
{"n": 6416, "k": 4096, "splits": 2, "bn": 64, "torch_ms": 0.2348429937923656, "trial_ms": 0.2574299428370092, "speedup": 0.9122598218539618, "relative_l2": 0.000110647662950214}
{"n": 6416, "k": 4096, "splits": 4, "bn": 64, "torch_ms": 0.2348429937923656, "trial_ms": 0.25816038282294024, "speedup": 0.9096786703846542, "relative_l2": 0.00013329382636584342}
{"n": 6416, "k": 4096, "splits": 8, "bn": 64, "torch_ms": 0.2348429937923656, "trial_ms": 0.2623534952799479, "speedup": 0.8951395655764874, "relative_l2": 0.00013943249359726906}
{"n": 6416, "k": 4096, "splits": 16, "bn": 64, "torch_ms": 0.2348429937923656, "trial_ms": 0.2728125290131905, "speedup": 0.8608218788258473, "relative_l2": 0.00014338055916596204}
{"n": 4096, "k": 2048, "variant": "cublaslt", "torch_ms": 0.014638252971934624, "trial_ms": 0.014686984641879213, "speedup": 0.9966819826443044, "relative_l2": 0.0}
{"n": 4096, "k": 2048, "variant": "contiguous_B", "torch_ms": 0.014638252971934624, "trial_ms": 0.01675657894701526, "speedup": 0.8735824310094061, "reference_error": 0.0016513183945789933, "layout_error": 0.0016513183945789933, "numerically_qualified": false}
{"n": 4096, "k": 2048, "splits": 1, "bn": 64, "torch_ms": 0.014638252971934624, "trial_ms": 0.015196974977726886, "speedup": 0.9632346564621486, "relative_l2": 0.0}
{"n": 4096, "k": 2048, "splits": 2, "bn": 64, "torch_ms": 0.014638252971934624, "trial_ms": 0.014254227587457239, "speedup": 1.0269411570792726, "relative_l2": 5.7456611102679744e-05}
{"n": 4096, "k": 2048, "splits": 4, "bn": 64, "torch_ms": 0.014638252971934624, "trial_ms": 0.014529215372525729, "speedup": 1.0075047135453084, "relative_l2": 6.486135680461302e-05}
{"n": 4096, "k": 2048, "splits": 8, "bn": 64, "torch_ms": 0.014638252971934624, "trial_ms": 0.01474614127244057, "speedup": 0.9926836249217563, "relative_l2": 6.483415199909359e-05}
{"n": 4096, "k": 2048, "splits": 16, "bn": 64, "torch_ms": 0.014638252971934624, "trial_ms": 0.015009172281361945, "speedup": 0.9752871575811065, "relative_l2": 6.486220809165388e-05}
{"n": 1024, "k": 4096, "variant": "cublaslt", "torch_ms": 0.017071934760470087, "trial_ms": 0.017020702455833835, "speedup": 1.003009999426827, "relative_l2": 0.0}
{"n": 1024, "k": 4096, "variant": "contiguous_B", "torch_ms": 0.017071934760470087, "trial_ms": 0.008341473451720684, "speedup": 2.046632991075273, "reference_error": 0.0016565682599321008, "layout_error": 0.0016565609257668257, "numerically_qualified": false}
{"n": 1024, "k": 4096, "splits": 1, "bn": 64, "torch_ms": 0.017071934760470087, "trial_ms": 0.015451841528160426, "speedup": 1.1048479062742844, "relative_l2": 0.0}
{"n": 1024, "k": 4096, "splits": 2, "bn": 64, "torch_ms": 0.017071934760470087, "trial_ms": 0.009905513981410435, "speedup": 1.723477932847179, "relative_l2": 0.00015571224503219128}
{"n": 1024, "k": 4096, "splits": 4, "bn": 64, "torch_ms": 0.017071934760470087, "trial_ms": 0.00911540435532392, "speedup": 1.8728664242414101, "relative_l2": 0.00015717300993856043}
{"n": 1024, "k": 4096, "splits": 8, "bn": 64, "torch_ms": 0.017071934760470087, "trial_ms": 0.008979581757025285, "speedup": 1.9011948688048472, "relative_l2": 0.00023301529290620238}
{"n": 1024, "k": 4096, "splits": 16, "bn": 64, "torch_ms": 0.017071934760470087, "trial_ms": 0.009529258149841522, "speedup": 1.7915282062910642, "relative_l2": 0.00023301149485632777}
{"n": 38720, "k": 4096, "variant": "cublaslt", "torch_ms": 1.3805466651916505, "trial_ms": 1.3677579471043178, "speedup": 1.0093501325394656, "relative_l2": 0.0}
{"n": 38720, "k": 4096, "variant": "padded_N", "padded_n": 38784, "torch_ms": 1.3805466651916505, "trial_ms": 1.3709972517830984, "speedup": 1.0069653045592413, "relative_l2": 0.0}
{"n": 38720, "k": 4096, "variant": "padded_N", "padded_n": 38912, "torch_ms": 1.3805466651916505, "trial_ms": 1.3968786239624023, "speedup": 0.9883082477671364, "relative_l2": 0.0}
{"n": 38720, "k": 4096, "variant": "contiguous_B", "torch_ms": 1.3805466651916505, "trial_ms": 1.391395650591169, "speedup": 0.9922028034262511, "reference_error": 0.001662354450672865, "layout_error": 0.0016623486299067736, "numerically_qualified": false}
{"n": 38720, "k": 4096, "splits": 1, "bn": 64, "torch_ms": 1.3805466651916505, "trial_ms": 1.488853410574106, "speedup": 0.9272549301272768, "relative_l2": 0.0}
{"n": 38720, "k": 4096, "splits": 2, "bn": 64, "torch_ms": 1.3805466651916505, "trial_ms": 1.5247239332932692, "speedup": 0.9054404112420479, "relative_l2": 0.00011573768279049546}
{"n": 38720, "k": 4096, "splits": 4, "bn": 64, "torch_ms": 1.3805466651916505, "trial_ms": 1.5985736052195232, "speedup": 0.8636115726445187, "relative_l2": 0.00013666074664797634}
{"n": 38720, "k": 4096, "splits": 8, "bn": 64, "torch_ms": 1.3805466651916505, "trial_ms": 1.71167273087935, "speedup": 0.8065482614088338, "relative_l2": 0.00014294746506493539}
{"n": 38720, "k": 4096, "splits": 16, "bn": 64, "torch_ms": 1.3805466651916505, "trial_ms": 1.756150973926891, "speedup": 0.7861207183711775, "relative_l2": 0.0001472040021326393}
