{"timing": "graph", "serving_change": false}
[W905 23:41:23.521414960 Context.cpp:597] Warning: torch.backends.cuda.preferred_blas_library is an experimental feature. If you see any error or unexpected behavior when this flag is set please file an issue on GitHub. (function operator())
{"n": 6416, "k": 4096, "variant": "cublaslt", "torch_ms": 0.23649067936173404, "trial_ms": 0.23601242020016625, "speedup": 1.0020264152249367, "relative_l2": 0.0}
{"n": 6416, "k": 4096, "variant": "padded_N", "padded_n": 6464, "torch_ms": 0.23649067936173404, "trial_ms": 0.225647825723166, "speedup": 1.0480521077649136, "relative_l2": 0.0}
{"n": 6416, "k": 4096, "variant": "padded_N", "padded_n": 6528, "torch_ms": 0.23649067936173404, "trial_ms": 0.23457470518169982, "speedup": 1.0081678635322173, "relative_l2": 0.0}
{"n": 6416, "k": 4096, "variant": "padded_N", "padded_n": 6656, "torch_ms": 0.23649067936173404, "trial_ms": 0.229706832078787, "speedup": 1.0295326317530697, "relative_l2": 0.0}
{"n": 6416, "k": 4096, "variant": "contiguous_B", "torch_ms": 0.23649067936173404, "trial_ms": 0.3692193172596119, "speedup": 0.6405154560086265, "reference_error": 0.001675330218859017, "layout_error": 0.002372455783188343, "numerically_qualified": false}
{"n": 6416, "k": 4096, "splits": 1, "bn": 64, "torch_ms": 0.23649067936173404, "trial_ms": 0.3365006602894176, "speedup": 0.702794101973925, "relative_l2": 0.0}
{"n": 6416, "k": 4096, "splits": 2, "bn": 64, "torch_ms": 0.23649067936173404, "trial_ms": 0.2897245634847613, "speedup": 0.8162603699087903, "relative_l2": 0.000110647662950214}
{"n": 6416, "k": 4096, "splits": 4, "bn": 64, "torch_ms": 0.23649067936173404, "trial_ms": 0.2950746735530113, "speedup": 0.8014604456361368, "relative_l2": 0.00013329382636584342}
{"n": 6416, "k": 4096, "splits": 8, "bn": 64, "torch_ms": 0.23649067936173404, "trial_ms": 0.29203104972839355, "speedup": 0.8098134755933816, "relative_l2": 0.00013943249359726906}
{"n": 6416, "k": 4096, "splits": 16, "bn": 64, "torch_ms": 0.23649067936173404, "trial_ms": 0.32256221771240234, "speedup": 0.7331629880241894, "relative_l2": 0.00014338055916596204}
{"n": 4096, "k": 2048, "variant": "cublaslt", "torch_ms": 0.014578350087538123, "trial_ms": 0.014527774749592664, "speedup": 1.0034812859379498, "relative_l2": 0.0}
{"n": 4096, "k": 2048, "variant": "contiguous_B", "torch_ms": 0.014578350087538123, "trial_ms": 0.016476822230838673, "speedup": 0.8847792300782796, "reference_error": 0.0016513183945789933, "layout_error": 0.0016513183945789933, "numerically_qualified": false}
{"n": 4096, "k": 2048, "splits": 1, "bn": 64, "torch_ms": 0.014578350087538123, "trial_ms": 0.014974879248667571, "speedup": 0.9735203767225883, "relative_l2": 0.0}
{"n": 4096, "k": 2048, "splits": 2, "bn": 64, "torch_ms": 0.014578350087538123, "trial_ms": 0.014361857047041368, "speedup": 1.0150741676224493, "relative_l2": 5.7456611102679744e-05}
{"n": 4096, "k": 2048, "splits": 4, "bn": 64, "torch_ms": 0.014578350087538123, "trial_ms": 0.014756335800500224, "speedup": 0.9879383530323248, "relative_l2": 6.486135680461302e-05}
{"n": 4096, "k": 2048, "splits": 8, "bn": 64, "torch_ms": 0.014578350087538123, "trial_ms": 0.014417016385781644, "speedup": 1.011190505541465, "relative_l2": 6.483415199909359e-05}
{"n": 4096, "k": 2048, "splits": 16, "bn": 64, "torch_ms": 0.014578350087538123, "trial_ms": 0.015238368380200732, "speedup": 0.9566870759260437, "relative_l2": 6.486220809165388e-05}
{"n": 1024, "k": 4096, "variant": "cublaslt", "torch_ms": 0.017098340370672212, "trial_ms": 0.0170053921132237, "speedup": 1.0054658108927834, "relative_l2": 0.0}
{"n": 1024, "k": 4096, "variant": "contiguous_B", "torch_ms": 0.017098340370672212, "trial_ms": 0.008369051637666238, "speedup": 2.043043956583854, "reference_error": 0.0016565682599321008, "layout_error": 0.0016565609257668257, "numerically_qualified": false}
{"n": 1024, "k": 4096, "splits": 1, "bn": 64, "torch_ms": 0.017098340370672212, "trial_ms": 0.015393687427185493, "speedup": 1.110737141542596, "relative_l2": 0.0}
{"n": 1024, "k": 4096, "splits": 2, "bn": 64, "torch_ms": 0.017098340370672212, "trial_ms": 0.009907998209414275, "speedup": 1.725710886223808, "relative_l2": 0.00015571224503219128}
{"n": 1024, "k": 4096, "splits": 4, "bn": 64, "torch_ms": 0.017098340370672212, "trial_ms": 0.0090488893296018, "speedup": 1.8895512750651169, "relative_l2": 0.00015717300993856043}
{"n": 1024, "k": 4096, "splits": 8, "bn": 64, "torch_ms": 0.017098340370672212, "trial_ms": 0.008907332309945809, "speedup": 1.9195803834084457, "relative_l2": 0.00023301529290620238}
{"n": 1024, "k": 4096, "splits": 16, "bn": 64, "torch_ms": 0.017098340370672212, "trial_ms": 0.009446606070308361, "speedup": 1.8099982409993813, "relative_l2": 0.00023301149485632777}
{"n": 38720, "k": 4096, "variant": "cublaslt", "torch_ms": 1.373680798212687, "trial_ms": 1.3590281214032853, "speedup": 1.0107817318704722, "relative_l2": 0.0}
{"n": 38720, "k": 4096, "variant": "padded_N", "padded_n": 38784, "torch_ms": 1.373680798212687, "trial_ms": 1.404711777823312, "speedup": 0.9779093618345612, "relative_l2": 0.0}
{"n": 38720, "k": 4096, "variant": "padded_N", "padded_n": 38912, "torch_ms": 1.373680798212687, "trial_ms": 1.4100006920950754, "speedup": 0.9742412226561239, "relative_l2": 0.0}
{"n": 38720, "k": 4096, "variant": "contiguous_B", "torch_ms": 1.373680798212687, "trial_ms": 1.4136836460658482, "speedup": 0.9717031119625064, "reference_error": 0.001662354450672865, "layout_error": 0.0016623486299067736, "numerically_qualified": false}
{"n": 38720, "k": 4096, "splits": 1, "bn": 64, "torch_ms": 1.373680798212687, "trial_ms": 1.5535133202870688, "speedup": 0.8842414031949523, "relative_l2": 0.0}
{"n": 38720, "k": 4096, "splits": 2, "bn": 64, "torch_ms": 1.373680798212687, "trial_ms": 1.546562417348226, "speedup": 0.8882155565166481, "relative_l2": 0.00011573768279049546}
{"n": 38720, "k": 4096, "splits": 4, "bn": 64, "torch_ms": 1.373680798212687, "trial_ms": 1.6121856053670247, "speedup": 0.8520611979412628, "relative_l2": 0.00013666074664797634}
{"n": 38720, "k": 4096, "splits": 8, "bn": 64, "torch_ms": 1.373680798212687, "trial_ms": 1.7307717930186879, "speedup": 0.7936810639933134, "relative_l2": 0.00014294746506493539}
{"n": 38720, "k": 4096, "splits": 16, "bn": 64, "torch_ms": 1.373680798212687, "trial_ms": 1.80646634535356, "speedup": 0.7604242402555423, "relative_l2": 0.0001472040021326393}
